<html>
<body>
<pre>
<h1>µVision Build Log</h1>
<h2>Tool Versions:</h2>
IDE-Version: µVision V5.38.0.0
Copyright (C) 2022 ARM Ltd and ARM Germany GmbH. All rights reserved.
License Information: Kirill Rostovskiy, Lenz Encoders LLC, LIC=47GU5-GAVQA-JJ76S-LDQIN-KEDBD-QZHKT
 
Tool Versions:
Toolchain:       MDK-ARM Plus  Version: 5.38.0.0
Toolchain Path:  C:\Keil_v5\ARM\ARMCLANG\Bin
C Compiler:      ArmClang.exe V6.19
Assembler:       Armasm.exe V6.19
Linker/Locator:  ArmLink.exe V6.19
Library Manager: ArmAr.exe V6.19
Hex Converter:   FromElf.exe V6.19
CPU DLL:         SARMCM3.DLL V5.38.0.0
Dialog DLL:      DCM.DLL V1.17.5.0
Target DLL:      STLink\ST-LINKIII-KEIL_SWO.dll V3.1.0.0
Dialog DLL:      TCM.DLL V1.56.4.0
 
<h2>Project:</h2>
D:\git\BISS-C\BiSS_C_Master\Lenz_USB_FlashTool\MDK-ARM\Lenz_USB_FlashTool.uvprojx
Project File Date:  11/05/2024

<h2>Output:</h2>
*** Using Compiler 'V6.19', folder: 'C:\Keil_v5\ARM\ARMCLANG\Bin'
Build target 'Lenz_USB_FlashTool'
compiling biss_c_master_hal.c...
linking...
Program Size: Code=7472 RO-data=800 RW-data=12 ZI-data=8452  
FromELF: creating hex file...
"Lenz_USB_FlashTool\Lenz_USB_FlashTool.axf" - 0 Error(s), 0 Warning(s).

<h2>Software Packages used:</h2>

Package Vendor: ARM
                https://www.keil.com/pack/ARM.CMSIS.6.0.0.pack
                ARM.CMSIS.6.0.0
                CMSIS (Common Microcontroller Software Interface Standard)
   * Component: CORE Version: 6.0.0

Package Vendor: Keil
                https://www.keil.com/pack/Keil.STM32G4xx_DFP.1.5.0.pack
                Keil.STM32G4xx_DFP.1.5.0
                STMicroelectronics STM32G4 Series Device Support, Drivers and Examples

<h2>Collection of Component include folders:</h2>
  ./RTE/_Lenz_USB_FlashTool
  C:/Users/Cujo/AppData/Local/Arm/Packs/ARM/CMSIS/6.0.0/CMSIS/Core/Include
  C:/Users/Cujo/AppData/Local/Arm/Packs/Keil/STM32G4xx_DFP/1.5.0/Drivers/CMSIS/Device/ST/STM32G4xx/Include

<h2>Collection of Component Files used:</h2>

   * Component: ARM::CMSIS:CORE:6.0.0
      Include file:  CMSIS/Core/Include/tz_context.h
Build Time Elapsed:  00:00:00
</pre>
</body>
</html>
