------------------------------------------------------------
Timing Analyzer Summary
------------------------------------------------------------

Type  : Slow 1200mV 85C Model Setup 'MAX10_CLK1_50'
Slack : 16.323
TNS   : 0.000

Type  : Slow 1200mV 85C Model Setup 'pll_1|altpll_component|auto_generated|pll1|clk[2]'
Slack : 28.262
TNS   : 0.000

Type  : Slow 1200mV 85C Model Setup 'pll_1|altpll_component|auto_generated|pll1|clk[1]'
Slack : 40.027
TNS   : 0.000

Type  : Slow 1200mV 85C Model Setup 'pll_1|altpll_component|auto_generated|pll1|clk[0]'
Slack : 134.502
TNS   : 0.000

Type  : Slow 1200mV 85C Model Hold 'pll_1|altpll_component|auto_generated|pll1|clk[2]'
Slack : 0.340
TNS   : 0.000

Type  : Slow 1200mV 85C Model Hold 'MAX10_CLK1_50'
Slack : 0.355
TNS   : 0.000

Type  : Slow 1200mV 85C Model Hold 'pll_1|altpll_component|auto_generated|pll1|clk[1]'
Slack : 0.413
TNS   : 0.000

Type  : Slow 1200mV 85C Model Hold 'pll_1|altpll_component|auto_generated|pll1|clk[0]'
Slack : 0.432
TNS   : 0.000

Type  : Slow 1200mV 85C Model Recovery 'pll_1|altpll_component|auto_generated|pll1|clk[2]'
Slack : 39.364
TNS   : 0.000

Type  : Slow 1200mV 85C Model Removal 'pll_1|altpll_component|auto_generated|pll1|clk[2]'
Slack : 42.702
TNS   : 0.000

Type  : Slow 1200mV 85C Model Minimum Pulse Width 'MAX10_CLK1_50'
Slack : 9.595
TNS   : 0.000

Type  : Slow 1200mV 85C Model Minimum Pulse Width 'MAX10_CLK2_50'
Slack : 16.000
TNS   : 0.000

Type  : Slow 1200mV 85C Model Minimum Pulse Width 'pll_1|altpll_component|auto_generated|pll1|clk[1]'
Slack : 24.719
TNS   : 0.000

Type  : Slow 1200mV 85C Model Minimum Pulse Width 'pll_1|altpll_component|auto_generated|pll1|clk[2]'
Slack : 41.385
TNS   : 0.000

Type  : Slow 1200mV 85C Model Minimum Pulse Width 'pll_1|altpll_component|auto_generated|pll1|clk[0]'
Slack : 67.315
TNS   : 0.000

Type  : Slow 1200mV 85C Model Minimum Pulse Width 'ADC_CLK_10'
Slack : 96.000
TNS   : 0.000

Type  : Slow 1200mV 0C Model Setup 'MAX10_CLK1_50'
Slack : 16.691
TNS   : 0.000

Type  : Slow 1200mV 0C Model Setup 'pll_1|altpll_component|auto_generated|pll1|clk[2]'
Slack : 29.162
TNS   : 0.000

Type  : Slow 1200mV 0C Model Setup 'pll_1|altpll_component|auto_generated|pll1|clk[1]'
Slack : 40.626
TNS   : 0.000

Type  : Slow 1200mV 0C Model Setup 'pll_1|altpll_component|auto_generated|pll1|clk[0]'
Slack : 134.525
TNS   : 0.000

Type  : Slow 1200mV 0C Model Hold 'pll_1|altpll_component|auto_generated|pll1|clk[2]'
Slack : 0.304
TNS   : 0.000

Type  : Slow 1200mV 0C Model Hold 'MAX10_CLK1_50'
Slack : 0.322
TNS   : 0.000

Type  : Slow 1200mV 0C Model Hold 'pll_1|altpll_component|auto_generated|pll1|clk[1]'
Slack : 0.332
TNS   : 0.000

Type  : Slow 1200mV 0C Model Hold 'pll_1|altpll_component|auto_generated|pll1|clk[0]'
Slack : 0.353
TNS   : 0.000

Type  : Slow 1200mV 0C Model Recovery 'pll_1|altpll_component|auto_generated|pll1|clk[2]'
Slack : 39.520
TNS   : 0.000

Type  : Slow 1200mV 0C Model Removal 'pll_1|altpll_component|auto_generated|pll1|clk[2]'
Slack : 42.712
TNS   : 0.000

Type  : Slow 1200mV 0C Model Minimum Pulse Width 'MAX10_CLK1_50'
Slack : 9.558
TNS   : 0.000

Type  : Slow 1200mV 0C Model Minimum Pulse Width 'MAX10_CLK2_50'
Slack : 16.000
TNS   : 0.000

Type  : Slow 1200mV 0C Model Minimum Pulse Width 'pll_1|altpll_component|auto_generated|pll1|clk[1]'
Slack : 24.710
TNS   : 0.000

Type  : Slow 1200mV 0C Model Minimum Pulse Width 'pll_1|altpll_component|auto_generated|pll1|clk[2]'
Slack : 41.327
TNS   : 0.000

Type  : Slow 1200mV 0C Model Minimum Pulse Width 'pll_1|altpll_component|auto_generated|pll1|clk[0]'
Slack : 67.307
TNS   : 0.000

Type  : Slow 1200mV 0C Model Minimum Pulse Width 'ADC_CLK_10'
Slack : 96.000
TNS   : 0.000

Type  : Fast 1200mV 0C Model Setup 'MAX10_CLK1_50'
Slack : 18.364
TNS   : 0.000

Type  : Fast 1200mV 0C Model Setup 'pll_1|altpll_component|auto_generated|pll1|clk[2]'
Slack : 36.044
TNS   : 0.000

Type  : Fast 1200mV 0C Model Setup 'pll_1|altpll_component|auto_generated|pll1|clk[1]'
Slack : 45.354
TNS   : 0.000

Type  : Fast 1200mV 0C Model Setup 'pll_1|altpll_component|auto_generated|pll1|clk[0]'
Slack : 134.901
TNS   : 0.000

Type  : Fast 1200mV 0C Model Hold 'pll_1|altpll_component|auto_generated|pll1|clk[2]'
Slack : 0.147
TNS   : 0.000

Type  : Fast 1200mV 0C Model Hold 'MAX10_CLK1_50'
Slack : 0.151
TNS   : 0.000

Type  : Fast 1200mV 0C Model Hold 'pll_1|altpll_component|auto_generated|pll1|clk[1]'
Slack : 0.206
TNS   : 0.000

Type  : Fast 1200mV 0C Model Hold 'pll_1|altpll_component|auto_generated|pll1|clk[0]'
Slack : 0.212
TNS   : 0.000

Type  : Fast 1200mV 0C Model Recovery 'pll_1|altpll_component|auto_generated|pll1|clk[2]'
Slack : 40.701
TNS   : 0.000

Type  : Fast 1200mV 0C Model Removal 'pll_1|altpll_component|auto_generated|pll1|clk[2]'
Slack : 41.948
TNS   : 0.000

Type  : Fast 1200mV 0C Model Minimum Pulse Width 'MAX10_CLK1_50'
Slack : 9.332
TNS   : 0.000

Type  : Fast 1200mV 0C Model Minimum Pulse Width 'MAX10_CLK2_50'
Slack : 16.000
TNS   : 0.000

Type  : Fast 1200mV 0C Model Minimum Pulse Width 'pll_1|altpll_component|auto_generated|pll1|clk[1]'
Slack : 24.794
TNS   : 0.000

Type  : Fast 1200mV 0C Model Minimum Pulse Width 'pll_1|altpll_component|auto_generated|pll1|clk[2]'
Slack : 41.174
TNS   : 0.000

Type  : Fast 1200mV 0C Model Minimum Pulse Width 'pll_1|altpll_component|auto_generated|pll1|clk[0]'
Slack : 67.395
TNS   : 0.000

Type  : Fast 1200mV 0C Model Minimum Pulse Width 'ADC_CLK_10'
Slack : 96.000
TNS   : 0.000

------------------------------------------------------------
