------------------------------------------------------------
Timing Analyzer Summary
------------------------------------------------------------

Type  : Slow 1200mV 85C Model Setup 'MAX10_CLK1_50'
Slack : 16.323
TNS   : 0.000

Type  : Slow 1200mV 85C Model Setup 'pll_1|altpll_component|auto_generated|pll1|clk[0]'
Slack : 53.226
TNS   : 0.000

Type  : Slow 1200mV 85C Model Setup 'pll_1|altpll_component|auto_generated|pll1|clk[1]'
Slack : 89.478
TNS   : 0.000

Type  : Slow 1200mV 85C Model Hold 'pll_1|altpll_component|auto_generated|pll1|clk[0]'
Slack : 0.347
TNS   : 0.000

Type  : Slow 1200mV 85C Model Hold 'MAX10_CLK1_50'
Slack : 0.355
TNS   : 0.000

Type  : Slow 1200mV 85C Model Hold 'pll_1|altpll_component|auto_generated|pll1|clk[1]'
Slack : 0.412
TNS   : 0.000

Type  : Slow 1200mV 85C Model Recovery 'pll_1|altpll_component|auto_generated|pll1|clk[0]'
Slack : 65.660
TNS   : 0.000

Type  : Slow 1200mV 85C Model Removal 'pll_1|altpll_component|auto_generated|pll1|clk[0]'
Slack : 68.844
TNS   : 0.000

Type  : Slow 1200mV 85C Model Minimum Pulse Width 'MAX10_CLK1_50'
Slack : 9.595
TNS   : 0.000

Type  : Slow 1200mV 85C Model Minimum Pulse Width 'MAX10_CLK2_50'
Slack : 16.000
TNS   : 0.000

Type  : Slow 1200mV 85C Model Minimum Pulse Width 'pll_1|altpll_component|auto_generated|pll1|clk[1]'
Slack : 49.720
TNS   : 0.000

Type  : Slow 1200mV 85C Model Minimum Pulse Width 'pll_1|altpll_component|auto_generated|pll1|clk[0]'
Slack : 67.284
TNS   : 0.000

Type  : Slow 1200mV 85C Model Minimum Pulse Width 'ADC_CLK_10'
Slack : 96.000
TNS   : 0.000

Type  : Slow 1200mV 0C Model Setup 'MAX10_CLK1_50'
Slack : 16.691
TNS   : 0.000

Type  : Slow 1200mV 0C Model Setup 'pll_1|altpll_component|auto_generated|pll1|clk[0]'
Slack : 54.408
TNS   : 0.000

Type  : Slow 1200mV 0C Model Setup 'pll_1|altpll_component|auto_generated|pll1|clk[1]'
Slack : 90.073
TNS   : 0.000

Type  : Slow 1200mV 0C Model Hold 'pll_1|altpll_component|auto_generated|pll1|clk[0]'
Slack : 0.312
TNS   : 0.000

Type  : Slow 1200mV 0C Model Hold 'MAX10_CLK1_50'
Slack : 0.322
TNS   : 0.000

Type  : Slow 1200mV 0C Model Hold 'pll_1|altpll_component|auto_generated|pll1|clk[1]'
Slack : 0.332
TNS   : 0.000

Type  : Slow 1200mV 0C Model Recovery 'pll_1|altpll_component|auto_generated|pll1|clk[0]'
Slack : 65.771
TNS   : 0.000

Type  : Slow 1200mV 0C Model Removal 'pll_1|altpll_component|auto_generated|pll1|clk[0]'
Slack : 68.768
TNS   : 0.000

Type  : Slow 1200mV 0C Model Minimum Pulse Width 'MAX10_CLK1_50'
Slack : 9.558
TNS   : 0.000

Type  : Slow 1200mV 0C Model Minimum Pulse Width 'MAX10_CLK2_50'
Slack : 16.000
TNS   : 0.000

Type  : Slow 1200mV 0C Model Minimum Pulse Width 'pll_1|altpll_component|auto_generated|pll1|clk[1]'
Slack : 49.708
TNS   : 0.000

Type  : Slow 1200mV 0C Model Minimum Pulse Width 'pll_1|altpll_component|auto_generated|pll1|clk[0]'
Slack : 67.155
TNS   : 0.000

Type  : Slow 1200mV 0C Model Minimum Pulse Width 'ADC_CLK_10'
Slack : 96.000
TNS   : 0.000

Type  : Fast 1200mV 0C Model Setup 'MAX10_CLK1_50'
Slack : 18.364
TNS   : 0.000

Type  : Fast 1200mV 0C Model Setup 'pll_1|altpll_component|auto_generated|pll1|clk[0]'
Slack : 61.259
TNS   : 0.000

Type  : Fast 1200mV 0C Model Setup 'pll_1|altpll_component|auto_generated|pll1|clk[1]'
Slack : 95.073
TNS   : 0.000

Type  : Fast 1200mV 0C Model Hold 'MAX10_CLK1_50'
Slack : 0.151
TNS   : 0.000

Type  : Fast 1200mV 0C Model Hold 'pll_1|altpll_component|auto_generated|pll1|clk[0]'
Slack : 0.152
TNS   : 0.000

Type  : Fast 1200mV 0C Model Hold 'pll_1|altpll_component|auto_generated|pll1|clk[1]'
Slack : 0.206
TNS   : 0.000

Type  : Fast 1200mV 0C Model Recovery 'pll_1|altpll_component|auto_generated|pll1|clk[0]'
Slack : 66.736
TNS   : 0.000

Type  : Fast 1200mV 0C Model Removal 'pll_1|altpll_component|auto_generated|pll1|clk[0]'
Slack : 68.037
TNS   : 0.000

Type  : Fast 1200mV 0C Model Minimum Pulse Width 'MAX10_CLK1_50'
Slack : 9.332
TNS   : 0.000

Type  : Fast 1200mV 0C Model Minimum Pulse Width 'MAX10_CLK2_50'
Slack : 16.000
TNS   : 0.000

Type  : Fast 1200mV 0C Model Minimum Pulse Width 'pll_1|altpll_component|auto_generated|pll1|clk[1]'
Slack : 49.796
TNS   : 0.000

Type  : Fast 1200mV 0C Model Minimum Pulse Width 'pll_1|altpll_component|auto_generated|pll1|clk[0]'
Slack : 67.184
TNS   : 0.000

Type  : Fast 1200mV 0C Model Minimum Pulse Width 'ADC_CLK_10'
Slack : 96.000
TNS   : 0.000

------------------------------------------------------------
